// Jest Snapshot v1, https://goo.gl/fbAQLP

exports[`Test Navbar renders correctly 1`] = `
<nav
  className="navbar"
>
  <div
    className="logo"
  >
    <a
      aria-current="page"
      className="active"
      href="/"
      onClick={[Function]}
    >
      <i
        className="bi bi-arrow-left-circle-fill"
      />
    </a>
    <h1
      className="navbar-brand"
    >
      Home
    </h1>
  </div>
  <div
    className="page-title"
  >
    <h1
      className="navbar-brand"
    >
      React Country Gecko 
    </h1>
  </div>
  <div
    className="nav-icons navbar-brand"
  >
    <i
      className="bi bi-mic-fill"
    />
    <i
      className="bi bi-gear-fill"
    />
  </div>
</nav>
`;
